"price_xml_attr_currency","price_txt_content","item","JSON_parentId"
"CZK","100","Umbrella","root_el.root_el.orders.order_74dbc1709e0cd81a8e81b9215d53555e"
"CZK","200","Rain Coat","root_el.root_el.orders.order_74dbc1709e0cd81a8e81b9215d53555e"
"GBP","100","Sun Screen","root_el.root_el.orders.order_ef3f7984f06b1eb3d79aa1fdf7e44f72"
