"price_xml_attr_currency","price_txt_content","item","JSON_parentId"
"GBP","100","Sun Screen","root_el.root_el.orders.order_47acb95d834a0de35de57481da1f2215"
