"price_xml_attr_currency","price_txt_content","item","JSON_parentId"
"CZK","100","Umbrella","root_el.root_el.orders.order_0a522195d222a8a0dcdc268eadd79625"
"CZK","200","Rain Coat","root_el.root_el.orders.order_0a522195d222a8a0dcdc268eadd79625"
"GBP","100","Sun Screen","root_el.root_el.orders.order_c16d82fffec2c01bd0659533600352ae"
