"root_el_orders_order_id","root_el_orders_order_date","root_el_orders_order_custom_cust_name","root_el_orders_order_order-item"
"1","2018-01-01","David","root_el.root_el.orders.order_78d2da55a57fd0806eb160066927cc40"
"2","2018-07-02","Tom","root_el.root_el.orders.order_2a55d32e4cde36b24aea5c4f274f1ab7"
