"price_xml_attr_currency","price_txt_content","item","JSON_parentId"
"CZK","100","Umbrella","root_el.root_el.orders.order_78d2da55a57fd0806eb160066927cc40"
"CZK","200","Rain Coat","root_el.root_el.orders.order_78d2da55a57fd0806eb160066927cc40"
"GBP","100","Sun Screen","root_el.root_el.orders.order_2a55d32e4cde36b24aea5c4f274f1ab7"
