{"root_el":{"orders":{"order":{"id":"2","date":"2018-07-02","cust_name":"Tom","order-item":{"price":{"xml_attr_currency":"GBP","txt_content_":"100"},"item":"Sun Screen"}}}}}