"price_xml_attr_currency_u0","price_txt_content_u0","item_u0","JSON_parentId"
"CZK","100","Umbrella","root_el.root_el.orders.order_0a522195d222a8a0dcdc268eadd79625"
"CZK","200","Rain Coat","root_el.root_el.orders.order_0a522195d222a8a0dcdc268eadd79625"
"GBP","100","Sun Screen","root_el.root_el.orders.order_417d91644a84d2dd7e423f2bdfaa777f"
