"root_el_orders_order_id","root_el_orders_order_date","root_el_orders_order_cust_name","root_el_orders_order_order-item"
"1","2018-01-01","David","root_el.root_el.orders.order_0a522195d222a8a0dcdc268eadd79625"
"2","2018-07-02","Tom","root_el.root_el.orders.order_c16d82fffec2c01bd0659533600352ae"
