{"root_el":{"orders":{"order":{"id":"1","date":"2018-01-01","cust_name":"David","order-item":[{"price":{"xml_attr_currency":"CZK","txt_content_":"100"},"item":"Umbrella"},{"price":{"xml_attr_currency":"CZK","txt_content_":"200"},"item":"Rain Coat"}]}}}}