"root_el_orders_order_id","root_el_orders_order_date","root_el_orders_order_cust_name","root_el_orders_order_order-item","root_el_keboola_file_name_col"
"1","2018-01-01","David","root_el.root_el.orders.order_74dbc1709e0cd81a8e81b9215d53555e","sample1.xml"
"2","2018-07-02","Tom","root_el.root_el.orders.order_ef3f7984f06b1eb3d79aa1fdf7e44f72","sample2.xml"
