"id","date","cust_name","order-item","JSON_parentId"
"2","2018-07-02","Tom","root_el.root_el.orders.order_47acb95d834a0de35de57481da1f2215","root_el.root_el.orders_79dab12cd15cbc4d3ceb3bbba83a0aa2"
