"root_el_orders_order"
"root_el.root_el.orders_79dab12cd15cbc4d3ceb3bbba83a0aa2"
