"root_el_orders_order_id","root_el_orders_order_date","root_el_orders_order_cust_name","root_el_orders_order_order-item_price_xml_attr_currency","root_el_orders_order_order-item_price_txt_content","root_el_orders_order_order-item_item"
"2","2018-07-02","Tom","GBP","100","Sun Screen"
