"row_nr","currency","price_value","item_name","order_id"
"1","CZK","100","Umbrella","1"
"2","CZK","200","Rain Coat","1"
"1","GBP","100","Sun Screen","2"
